[jordan@jordans-desktop:~/.nix]$ home-manager switch --flake .
error:
       … while calling the 'derivationStrict' builtin
         at <nix/derivation-internal.nix>:34:12:
           33|
           34|   strict = derivationStrict drvAttrs;
             |            ^
           35|

       … while evaluating derivation 'home-manager-generation'
         whose name attribute is located at /nix/store/salp9r9j3pj9cwqf06wchs16hy8g882k-source/pkgs/stdenv/generic/make-derivation.nix:336:7

       … while evaluating attribute 'buildCommand' of derivation 'home-manager-generation'
         at /nix/store/salp9r9j3pj9cwqf06wchs16hy8g882k-source/pkgs/build-support/trivial-builders/default.nix:59:17:
           58|         enableParallelBuilding = true;
           59|         inherit buildCommand name;
             |                 ^
           60|         passAsFile = [ "buildCommand" ]

       … while evaluating the option `home.activation.installPackages.data':

       … while evaluating definitions from `/nix/store/pq697d1bkix3hvrjkrxfhsa3zwykxkwb-source/modules/home-environment.nix':

       … while evaluating the option `home.packages':

       … while evaluating definitions from `/nix/store/84440nnk6dmjjiydcq4a5p0ggyxx7bhq-source/hosts/desktop/home-desktop.nix':

       (stack trace truncated; use '--show-trace' to show the full, detailed trace)

       error: infinite recursion encountered
       at /nix/store/salp9r9j3pj9cwqf06wchs16hy8g882k-source/lib/modules.nix:816:9:
          815|     in warnDeprecation opt //
          816|       { value = addErrorContext "while evaluating the option `${showOption loc}':" value;
             |         ^
          817|         inherit (res.defsFinal') highestPrio;
